// Jest Snapshot v1, https://goo.gl/fbAQLP

exports[`Main App Render without crashing 1`] = `
<Fragment
  key="App"
>
  <div
    className="App"
  >
    <BrowserRouter>
      <ComponentWrapper
        component={[Function]}
        exact={true}
        navbar={true}
        pathSuffix="forbiden"
      />
      <ComponentWrapper
        component={[Function]}
        exact={true}
        navbar={true}
        pathSuffix="logout"
      />
      <ComponentWrapper
        component={[Function]}
        exact={true}
        pathSuffix="login"
        systemAware={true}
      />
      <ComponentWrapper
        component={[Function]}
        exact={true}
        navbar={true}
        pathSuffix=""
        systemAware={true}
      />
      <ComponentWrapper
        component={[Function]}
        eventAware={true}
        exact={true}
        navbar={true}
        pathSuffix=""
      />
      <ComponentWrapper
        component={[Function]}
        eventAware={true}
        exact={true}
        navbar={true}
        pathSuffix="fundations"
      />
      <ComponentWrapper
        component={[Function]}
        eventAware={true}
        exact={true}
        navbar={true}
        pathSuffix="users"
      />
      <ComponentWrapper
        component={[Function]}
        eventAware={true}
        exact={true}
        navbar={true}
        pathSuffix="transferts"
      />
      <ComponentWrapper
        component={[Function]}
        eventAware={true}
        exact={true}
        navbar={true}
        pathSuffix="fundations/:fundationId(\\\\d+)"
      />
      <ComponentWrapper
        component={[Function]}
        eventAware={true}
        exact={true}
        navbar={true}
        pathSuffix="dashboard"
      />
      <ComponentWrapper
        component={[Function]}
        eventAware={true}
        exact={true}
        navbar={true}
        pathSuffix="support"
      />
    </BrowserRouter>
    <ToastContainer
      autoClose={5000}
      bodyClassName={null}
      className={null}
      closeButton={
        <CloseButton
          ariaLabel="close"
        />
      }
      closeOnClick={true}
      draggable={true}
      draggablePercent={80}
      hideProgressBar={false}
      newestOnTop={false}
      pauseOnFocusLoss={true}
      pauseOnHover={true}
      position="top-right"
      progressClassName={null}
      progressStyle={null}
      role="alert"
      rtl={false}
      style={null}
      toastClassName={null}
      transition={[Function]}
    />
    <footer
      className="text-center"
    >
      <span>
        I used to be a engineer like you, then I took an arrow in the knee...
      </span>
      <br />
      <span>
        Â©
        2021
         - C.Richard
      </span>
      <br />
      <span>
        Heimdall
        @
        3.4.4
      </span>
    </footer>
  </div>
</Fragment>
`;
