// Jest Snapshot v1, https://goo.gl/fbAQLP

exports[`Main App Render without crashing 1`] = `
<Fragment
  key="App"
>
  <div
    className="App"
  >
    <BrowserRouter>
      <Switch>
        <ComponentWrapper
          component={[Function]}
          exact={true}
          navbar={true}
          path="403"
        />
        <ComponentWrapper
          component={[Function]}
          exact={true}
          navbar={true}
          path="logout"
        />
        <ComponentWrapper
          component={[Function]}
          exact={true}
          path="login"
          systemAware={true}
        />
        <ComponentWrapper
          component={[Function]}
          exact={true}
          navbar={true}
          path=""
          systemAware={true}
        />
        <ComponentWrapper
          component={[Function]}
          eventAware={true}
          exact={true}
          navbar={true}
          path=""
        />
        <ComponentWrapper
          component={[Function]}
          eventAware={true}
          exact={true}
          navbar={true}
          path="fundations"
        />
        <ComponentWrapper
          component={[Function]}
          eventAware={true}
          exact={true}
          navbar={true}
          path="users"
        />
        <ComponentWrapper
          component={[Function]}
          eventAware={true}
          exact={true}
          navbar={true}
          path="transferts"
        />
        <ComponentWrapper
          component={[Function]}
          eventAware={true}
          exact={true}
          navbar={true}
          path="fundations/:fundationId(\\\\d+)"
        />
        <ComponentWrapper
          component={[Function]}
          eventAware={true}
          exact={true}
          navbar={true}
          path="dashboard"
        />
        <ComponentWrapper
          component={[Function]}
          eventAware={true}
          exact={true}
          navbar={true}
          path="support"
        />
      </Switch>
    </BrowserRouter>
    <ToastContainer
      autoClose={5000}
      bodyClassName={null}
      className={null}
      closeButton={
        <CloseButton
          ariaLabel="close"
        />
      }
      closeOnClick={true}
      draggable={true}
      draggablePercent={80}
      hideProgressBar={false}
      newestOnTop={false}
      pauseOnFocusLoss={true}
      pauseOnHover={true}
      position="top-right"
      progressClassName={null}
      progressStyle={null}
      role="alert"
      rtl={false}
      style={null}
      toastClassName={null}
      transition={[Function]}
    />
    <footer
      className="text-center"
    >
      <span>
        I used to be a engineer like you, then I took an arrow in the knee...
      </span>
      <br />
      <span>
        Â©
        2020
         - C.Richard
      </span>
      <br />
      <span>
        Heimdall
        @
        3.3.0
      </span>
    </footer>
  </div>
</Fragment>
`;
